**********************
Windows PowerShell transcript start
Start time: 20200603095925
Username: DESKTOP-BB1G90U\carlo
RunAs User: DESKTOP-BB1G90U\carlo
Configuration Name: 
Machine: DESKTOP-BB1G90U (Microsoft Windows NT 10.0.18362.0)
Host Application: C:\Windows\System32\WindowsPowerShell\v1.0\powershell.exe
Process ID: 12760
PSVersion: 5.1.18362.752
PSEdition: Desktop
PSCompatibleVersions: 1.0, 2.0, 3.0, 4.0, 5.0, 5.1.18362.752
BuildVersion: 10.0.18362.752
CLRVersion: 4.0.30319.42000
WSManStackVersion: 3.0
PSRemotingProtocolVersion: 2.3
SerializationVersion: 1.1.0.1
**********************
Transcript started, output file is C:\projects\power-shell\ps\transcript-06032020.txt
PS C:\projects\power-shell\ps> set-executionpolicy -scope localmachine -executionpolicy remotesigned -force
PS C:\projects\power-shell\ps> get-executionpolicy
RemoteSigned
PS C:\projects\power-shell\ps> install-module posh-git -Scope CurrentUser -Force
NuGet provider is required to continue
PowerShellGet requires NuGet provider version '2.8.5.201' or newer to interact with NuGet-based repositories. The NuGet provider must be available in 'C:\Program Files\PackageManagement\ProviderAssemblies' or 'C:\Users\carlo\AppData\Local\PackageManagement\ProviderAssemblies'. You can also install the NuGet provider by running 'Install-PackageProvider -Name NuGet -MinimumVersion 2.8.5.201 -Force'. Do you want PowerShellGet to install and import the NuGet provider now?
&Yes  &No  &Suspend
N
PS C:\projects\power-shell\ps> TerminatingError(): "The pipeline has been stopped."
>> TerminatingError(): "The pipeline has been stopped."
>> TerminatingError(Install-Module): "NuGet provider is required to interact with NuGet-based repositories. Please ensure that '2.8.5.201' or newer version of NuGet provider is installed."
install-module : NuGet provider is required to interact with NuGet-based repositories. Please ensure that '2.8.5.201' 
or newer version of NuGet provider is installed.
At line:1 char:1
+ install-module posh-git -Scope CurrentUser -Force
+ ~~~~~~~~~~~~~~~~~~~~~~~~~~~~~~~~~~~~~~~~~~~~~~~~~
    + CategoryInfo          : InvalidOperation: (:) [Install-Module], InvalidOperationException
    + FullyQualifiedErrorId : CouldNotInstallNuGetProvider,Install-Module
install-module : NuGet provider is required to interact with NuGet-based repositories. Please ensure that '2.8.5.201' or newer
version of NuGet provider is installed.
At line:1 char:1
+ install-module posh-git -Scope CurrentUser -Force
+ ~~~~~~~~~~~~~~~~~~~~~~~~~~~~~~~~~~~~~~~~~~~~~~~~~
    + CategoryInfo          : InvalidOperation: (:) [Install-Module], InvalidOperationException
    + FullyQualifiedErrorId : CouldNotInstallNuGetProvider,Install-Module

PS C:\projects\power-shell\ps> stop-transcript
**********************
Windows PowerShell transcript end
End time: 20200603215239
**********************
